Channel Twitch/tttcheekyttt; direct eligible True.
433 ms: authorization, status 200, request 408 ms.
594 ms: master, status 200, request 117 ms.
Master qualities: 1080p60, 720p60, 480p30, 360p30, 160p30, audio_only
1142 ms: media, status 200, request 513 ms.
Selected quality: 360p30
Media tags: #EXTM3U, #EXT-X-VERSION, #EXT-X-TARGETDURATION, #EXT-X-MEDIA-SEQUENCE, #EXT-X-TWITCH-LIVE-SEQUENCE, #EXT-X-TWITCH-ELAPSED-SECS, #EXT-X-TWITCH-TOTAL-SECS, #EXT-X-DATERANGE, #EXT-X-MAP, #EXT-X-PROGRAM-DATE-TIME, #EXTINF, #EXT-X-TWITCH-PREFETCH
1152 ms: Direct preview source ready in 1139 ms (Twitch).
First decoded frame: 2110 ms.
7665 ms: media, status 200, request 186 ms.
Selected quality: 360p30
Media tags: #EXTM3U, #EXT-X-VERSION, #EXT-X-TARGETDURATION, #EXT-X-MEDIA-SEQUENCE, #EXT-X-TWITCH-LIVE-SEQUENCE, #EXT-X-TWITCH-ELAPSED-SECS, #EXT-X-TWITCH-TOTAL-SECS, #EXT-X-DATERANGE, #EXT-X-MAP, #EXT-X-PROGRAM-DATE-TIME, #EXTINF, #EXT-X-TWITCH-PREFETCH
13942 ms: media, status 200, request 189 ms.
Selected quality: 360p30
Media tags: #EXTM3U, #EXT-X-VERSION, #EXT-X-TARGETDURATION, #EXT-X-MEDIA-SEQUENCE, #EXT-X-TWITCH-LIVE-SEQUENCE, #EXT-X-TWITCH-ELAPSED-SECS, #EXT-X-TWITCH-TOTAL-SECS, #EXT-X-DATERANGE, #EXT-X-MAP, #EXT-X-PROGRAM-DATE-TIME, #EXTINF, #EXT-X-TWITCH-PREFETCH
20206 ms: media, status 200, request 193 ms.
Selected quality: 360p30
Media tags: #EXTM3U, #EXT-X-VERSION, #EXT-X-TARGETDURATION, #EXT-X-MEDIA-SEQUENCE, #EXT-X-TWITCH-LIVE-SEQUENCE, #EXT-X-TWITCH-ELAPSED-SECS, #EXT-X-TWITCH-TOTAL-SECS, #EXT-X-DATERANGE, #EXT-X-MAP, #EXT-X-PROGRAM-DATE-TIME, #EXTINF, #EXT-X-TWITCH-PREFETCH
26600 ms: media, status 200, request 188 ms.
Selected quality: 360p30
Media tags: #EXTM3U, #EXT-X-VERSION, #EXT-X-TARGETDURATION, #EXT-X-MEDIA-SEQUENCE, #EXT-X-TWITCH-LIVE-SEQUENCE, #EXT-X-TWITCH-ELAPSED-SECS, #EXT-X-TWITCH-TOTAL-SECS, #EXT-X-DATERANGE, #EXT-X-MAP, #EXT-X-PROGRAM-DATE-TIME, #EXTINF, #EXT-X-TWITCH-PREFETCH
32943 ms: media, status 200, request 191 ms.
Selected quality: 360p30
Media tags: #EXTM3U, #EXT-X-VERSION, #EXT-X-TARGETDURATION, #EXT-X-MEDIA-SEQUENCE, #EXT-X-TWITCH-LIVE-SEQUENCE, #EXT-X-TWITCH-ELAPSED-SECS, #EXT-X-TWITCH-TOTAL-SECS, #EXT-X-DATERANGE, #EXT-X-MAP, #EXT-X-PROGRAM-DATE-TIME, #EXTINF, #EXT-X-TWITCH-PREFETCH
39199 ms: media, status 200, request 194 ms.
Selected quality: 360p30
Media tags: #EXTM3U, #EXT-X-VERSION, #EXT-X-TARGETDURATION, #EXT-X-MEDIA-SEQUENCE, #EXT-X-TWITCH-LIVE-SEQUENCE, #EXT-X-TWITCH-ELAPSED-SECS, #EXT-X-TWITCH-TOTAL-SECS, #EXT-X-DATERANGE, #EXT-X-MAP, #EXT-X-PROGRAM-DATE-TIME, #EXTINF, #EXT-X-TWITCH-PREFETCH
{"Channel":"tttcheekyttt","firstFrameAt":2110,"frameCount":641,"changing":true,"longestGap":147,"observationMs":40007,"cleanupMs":74,"Fallbacks":0}
