Channel Twitch/termynater_; direct eligible True.
270 ms: authorization, status 200, request 245 ms.
394 ms: master, status 200, request 114 ms.
Master qualities: 480p, 360p, 160p, audio_only, 1080p60, 720p60
827 ms: media, status 200, request 397 ms.
Selected quality: 360p
Media tags: #EXTM3U, #EXT-X-VERSION, #EXT-X-TARGETDURATION, #EXT-X-MEDIA-SEQUENCE, #EXT-X-TWITCH-LIVE-SEQUENCE, #EXT-X-TWITCH-ELAPSED-SECS, #EXT-X-TWITCH-TOTAL-SECS, #EXT-X-DATERANGE, #EXT-X-PROGRAM-DATE-TIME, #EXTINF
836 ms: Direct preview source ready in 823 ms (Twitch).
First decoded frame: 1535 ms.
7332 ms: media, status 200, request 99 ms.
Selected quality: 360p
Media tags: #EXTM3U, #EXT-X-VERSION, #EXT-X-TARGETDURATION, #EXT-X-MEDIA-SEQUENCE, #EXT-X-TWITCH-LIVE-SEQUENCE, #EXT-X-TWITCH-ELAPSED-SECS, #EXT-X-TWITCH-TOTAL-SECS, #EXT-X-DATERANGE, #EXT-X-PROGRAM-DATE-TIME, #EXTINF
13655 ms: media, status 200, request 104 ms.
Selected quality: 360p
Media tags: #EXTM3U, #EXT-X-VERSION, #EXT-X-TARGETDURATION, #EXT-X-MEDIA-SEQUENCE, #EXT-X-TWITCH-LIVE-SEQUENCE, #EXT-X-TWITCH-ELAPSED-SECS, #EXT-X-TWITCH-TOTAL-SECS, #EXT-X-DATERANGE, #EXT-X-PROGRAM-DATE-TIME, #EXTINF
19795 ms: media, status 200, request 95 ms.
Selected quality: 360p
Media tags: #EXTM3U, #EXT-X-VERSION, #EXT-X-TARGETDURATION, #EXT-X-MEDIA-SEQUENCE, #EXT-X-TWITCH-LIVE-SEQUENCE, #EXT-X-TWITCH-ELAPSED-SECS, #EXT-X-TWITCH-TOTAL-SECS, #EXT-X-DATERANGE, #EXT-X-PROGRAM-DATE-TIME, #EXTINF
25933 ms: media, status 200, request 97 ms.
Selected quality: 360p
Media tags: #EXTM3U, #EXT-X-VERSION, #EXT-X-TARGETDURATION, #EXT-X-MEDIA-SEQUENCE, #EXT-X-TWITCH-LIVE-SEQUENCE, #EXT-X-TWITCH-ELAPSED-SECS, #EXT-X-TWITCH-TOTAL-SECS, #EXT-X-DATERANGE, #EXT-X-PROGRAM-DATE-TIME, #EXTINF
32062 ms: media, status 200, request 94 ms.
Selected quality: 360p
Media tags: #EXTM3U, #EXT-X-VERSION, #EXT-X-TARGETDURATION, #EXT-X-MEDIA-SEQUENCE, #EXT-X-TWITCH-LIVE-SEQUENCE, #EXT-X-TWITCH-ELAPSED-SECS, #EXT-X-TWITCH-TOTAL-SECS, #EXT-X-DATERANGE, #EXT-X-PROGRAM-DATE-TIME, #EXTINF
38203 ms: media, status 200, request 93 ms.
Selected quality: 360p
Media tags: #EXTM3U, #EXT-X-VERSION, #EXT-X-TARGETDURATION, #EXT-X-MEDIA-SEQUENCE, #EXT-X-TWITCH-LIVE-SEQUENCE, #EXT-X-TWITCH-ELAPSED-SECS, #EXT-X-TWITCH-TOTAL-SECS, #EXT-X-DATERANGE, #EXT-X-PROGRAM-DATE-TIME, #EXTINF
{"Channel":"termynater_","firstFrameAt":1535,"frameCount":628,"changing":true,"longestGap":169,"observationMs":40015,"cleanupMs":74,"Fallbacks":0}
