Channel Twitch/summit1g; direct eligible True.
232 ms: authorization, status 200, request 206 ms.
392 ms: master, status 200, request 116 ms.
Master qualities: audio_only, 1080p60, 720p60, 480p30, 360p30, 160p30
700 ms: media, status 200, request 273 ms.
Selected quality: 360p30
Media tags: #EXTM3U, #EXT-X-VERSION, #EXT-X-TARGETDURATION, #EXT-X-MEDIA-SEQUENCE, #EXT-X-TWITCH-LIVE-SEQUENCE, #EXT-X-TWITCH-ELAPSED-SECS, #EXT-X-TWITCH-TOTAL-SECS, #EXT-X-DATERANGE, #EXT-X-MAP, #EXT-X-PROGRAM-DATE-TIME, #EXTINF, #EXT-X-TWITCH-PREFETCH
710 ms: Direct preview source ready in 697 ms (Twitch).
First decoded frame: 1418 ms.
7066 ms: media, status 200, request 38 ms.
Selected quality: 360p30
Media tags: #EXTM3U, #EXT-X-VERSION, #EXT-X-TARGETDURATION, #EXT-X-MEDIA-SEQUENCE, #EXT-X-TWITCH-LIVE-SEQUENCE, #EXT-X-TWITCH-ELAPSED-SECS, #EXT-X-TWITCH-TOTAL-SECS, #EXT-X-DATERANGE, #EXT-X-MAP, #EXT-X-PROGRAM-DATE-TIME, #EXTINF, #EXT-X-TWITCH-PREFETCH
13265 ms: media, status 200, request 39 ms.
Selected quality: 360p30
Media tags: #EXTM3U, #EXT-X-VERSION, #EXT-X-TARGETDURATION, #EXT-X-MEDIA-SEQUENCE, #EXT-X-TWITCH-LIVE-SEQUENCE, #EXT-X-TWITCH-ELAPSED-SECS, #EXT-X-TWITCH-TOTAL-SECS, #EXT-X-DATERANGE, #EXT-X-MAP, #EXT-X-PROGRAM-DATE-TIME, #EXTINF, #EXT-X-TWITCH-PREFETCH
19476 ms: media, status 200, request 39 ms.
Selected quality: 360p30
Media tags: #EXTM3U, #EXT-X-VERSION, #EXT-X-TARGETDURATION, #EXT-X-MEDIA-SEQUENCE, #EXT-X-TWITCH-LIVE-SEQUENCE, #EXT-X-TWITCH-ELAPSED-SECS, #EXT-X-TWITCH-TOTAL-SECS, #EXT-X-DATERANGE, #EXT-X-MAP, #EXT-X-PROGRAM-DATE-TIME, #EXTINF, #EXT-X-TWITCH-PREFETCH
25655 ms: media, status 200, request 35 ms.
Selected quality: 360p30
Media tags: #EXTM3U, #EXT-X-VERSION, #EXT-X-TARGETDURATION, #EXT-X-MEDIA-SEQUENCE, #EXT-X-TWITCH-LIVE-SEQUENCE, #EXT-X-TWITCH-ELAPSED-SECS, #EXT-X-TWITCH-TOTAL-SECS, #EXT-X-DATERANGE, #EXT-X-MAP, #EXT-X-PROGRAM-DATE-TIME, #EXTINF, #EXT-X-TWITCH-PREFETCH
31887 ms: media, status 200, request 36 ms.
Selected quality: 360p30
Media tags: #EXTM3U, #EXT-X-VERSION, #EXT-X-TARGETDURATION, #EXT-X-MEDIA-SEQUENCE, #EXT-X-TWITCH-LIVE-SEQUENCE, #EXT-X-TWITCH-ELAPSED-SECS, #EXT-X-TWITCH-TOTAL-SECS, #EXT-X-DATERANGE, #EXT-X-MAP, #EXT-X-PROGRAM-DATE-TIME, #EXTINF, #EXT-X-TWITCH-PREFETCH
37963 ms: media, status 200, request 37 ms.
Selected quality: 360p30
Media tags: #EXTM3U, #EXT-X-VERSION, #EXT-X-TARGETDURATION, #EXT-X-MEDIA-SEQUENCE, #EXT-X-TWITCH-LIVE-SEQUENCE, #EXT-X-TWITCH-ELAPSED-SECS, #EXT-X-TWITCH-TOTAL-SECS, #EXT-X-DATERANGE, #EXT-X-MAP, #EXT-X-PROGRAM-DATE-TIME, #EXTINF, #EXT-X-TWITCH-PREFETCH
{"Channel":"summit1g","firstFrameAt":1418,"frameCount":634,"changing":true,"longestGap":158,"observationMs":40056,"cleanupMs":76,"Fallbacks":0}
